xingjian: watching **/*.py every 0.5s
xingjian: GREEN → auto-commit | RED → reset --hard
xingjian: Ctrl-C to stop

--- save detected, scanning assertions ---
xingjian: scanning assertions in seechange.py ...
Traceback (most recent call last):
  File "/home/xushen/ShiZhongIteration/Wealth/omic/underwriting/thalestradingbot/fentu/explatoryservices/seechange.py", line 44, in <module>
    assert 2 == 3
AssertionError
❌ red (seechange.py failed an assertion) → REVERTING your change
   back to last green commit. take a smaller step!

--- save detected, scanning assertions ---
✅ green → committed aa8203b: xingjian: working 16:34:20

--- save detected, scanning assertions ---
xingjian: scanning assertions in volcalculator.py ...
                price  log_return
Date                             
2026-08-03  19.870001         NaN
2026-08-04  19.870001    0.000000
2026-08-05  19.885000    0.000755
2026-08-06  19.905001    0.001005
2026-08-07  19.909500    0.000226
Daily volatility (MAD): 0.0012886481384717517
Worst days (below -20%): Series([], Name: Close, dtype: float64)
Worst months (below -20%): Series([], Name: Close, dtype: float64)
Best days (above +20%): Series([], Name: Close, dtype: float64)
Best months (above +20%): Series([], Name: Close, dtype: float64)
✅ green → committed fcb3c60: xingjian: working 16:34:34

--- save detected, scanning assertions ---
xingjian: scanning assertions in volcalculator.py ...
                price  log_return
Date                             
2026-08-03  19.870001         NaN
2026-08-04  19.870001    0.000000
2026-08-05  19.885000    0.000755
2026-08-06  19.905001    0.001005
2026-08-07  19.909500    0.000226
Daily volatility (MAD): 0.001288645176141324
Worst days (below -20%): Series([], Name: Close, dtype: float64)
Worst months (below -20%): Series([], Name: Close, dtype: float64)
Best days (above +20%): Series([], Name: Close, dtype: float64)
Best months (above +20%): Series([], Name: Close, dtype: float64)
✅ green → committed b50194a: xingjian: working 16:34:41

--- save detected, scanning assertions ---
xingjian: scanning assertions in volcalculator.py ...
                price  log_return
Date                             
2026-08-03  19.870001         NaN
2026-08-04  19.870001    0.000000
2026-08-05  19.885000    0.000755
2026-08-06  19.905001    0.001005
2026-08-07  19.909500    0.000226
Daily volatility (MAD): 0.0012886521360587165
Worst days (below -20%): Series([], Name: Close, dtype: float64)
Worst months (below -20%): Series([], Name: Close, dtype: float64)
Best days (above +20%): Series([], Name: Close, dtype: float64)
Best months (above +20%): Series([], Name: Close, dtype: float64)
✅ green → committed 935e84a: xingjian: working 16:34:49

--- save detected, scanning assertions ---
xingjian: scanning assertions in volcalculator.py ...
                price  log_return
Date                             
2026-08-03  19.870001         NaN
2026-08-04  19.870001    0.000000
2026-08-05  19.885000    0.000755
2026-08-06  19.905001    0.001005
2026-08-07  19.909500    0.000226
Daily volatility (MAD): 0.0012886424068844834
Worst days (below -20%): Series([], Name: Close, dtype: float64)
Worst months (below -20%): Series([], Name: Close, dtype: float64)
Best days (above +20%): Series([], Name: Close, dtype: float64)
Best months (above +20%): Series([], Name: Close, dtype: float64)
✅ green → committed 4a7f8d6: xingjian: working 16:34:54

--- save detected, scanning assertions ---
xingjian: scanning assertions in volcalculator.py ...
                price  log_return
Date                             
2026-08-03  19.870001         NaN
2026-08-04  19.870001    0.000000
2026-08-05  19.885000    0.000755
2026-08-06  19.905001    0.001005
2026-08-07  19.909500    0.000226
Daily volatility (MAD): 0.001288644827142285
Worst days (below -20%): Series([], Name: Close, dtype: float64)
Worst months (below -20%): Series([], Name: Close, dtype: float64)
Best days (above +20%): Series([], Name: Close, dtype: float64)
Best months (above +20%): Series([], Name: Close, dtype: float64)
✅ green → committed ef045e1: xingjian: working 16:35:05

--- save detected, scanning assertions ---
xingjian: scanning assertions in test_volcalculator_seams.py ...
✅ green → committed 9b8e861: xingjian: working 16:35:09

--- save detected, scanning assertions ---
xingjian: scanning assertions in volcalculator.py ...
                price  log_return
Date                             
2026-08-03  19.870001         NaN
2026-08-04  19.870001    0.000000
2026-08-05  19.885000    0.000755
2026-08-06  19.905001    0.001005
2026-08-07  19.909500    0.000226
Daily volatility (MAD): 0.0012886447921416902
Worst days (below -20%): Series([], Name: Close, dtype: float64)
Worst months (below -20%): Series([], Name: Close, dtype: float64)
Best days (above +20%): Series([], Name: Close, dtype: float64)
Best months (above +20%): Series([], Name: Close, dtype: float64)
xingjian: scanning assertions in term_structure_plotting.py ...
xingjian: scanning assertions in yfinance_adapter.py ...
xingjian: scanning assertions in yfinance_fetcher.py ...
xingjian: scanning assertions in __init__.py ...
xingjian: scanning assertions in iv_term_structure.py ...
xingjian: scanning assertions in test_iv_term_structure.py ...
xingjian: scanning assertions in test_volcalculator_seams.py ...
✅ green — nothing new to commit

--- save detected, scanning assertions ---
